
ΓòÉΓòÉΓòÉ SCORING: Business Value (0-30) ΓòÉΓòÉΓòÉ
  Γ£à High-LTV roofing + all surfaces + strong reviews = 30 (expected ΓëÑ25)
  Γ£à Low-LTV unknown + no surfaces + low reviews = 0 (expected Γëñ5)
  Γ£à High-LTV dentist + no surfaces + no reviews = 10 (expected 10)
  Γ£à Max value capped at 30: 30

ΓòÉΓòÉΓòÉ SCORING: Pain & Opportunity (0-40) ΓòÉΓòÉΓòÉ
  Γ£à No website + 20 reviews = 20 (expected 20)
  Γ£à No website + 1 review = 12 (expected 12)
  Γ£à Active with high risk + pains = 33 (expected ΓëÑ25)
  Γ£à Active with risk but 0 pain signals = 10 (expected Γëñ10, capped)

ΓòÉΓòÉΓòÉ SCORING: Reachability (0-20) ΓòÉΓòÉΓòÉ
  Γ£à Owner email+phone+form+social = 18 (expected ΓëÑ18)
  Γ£à No contact = 0 (expected 0)
  Γ£à Generic email + phone = 8 (expected ΓëÑ6)

ΓòÉΓòÉΓòÉ SCORING: Local Fit (0-10) ΓòÉΓòÉΓòÉ
  Γ£à Core city Kitchener = 6 (expected 6)
  Γ£à Core city Hamilton = 6 (expected 6)
  Γ£à Priority city Toronto = 4 (expected 4)
  Γ£à Non-Ontario city = 0 (expected 0)
  Γ£à Core city + intent signals = 10 (expected ΓëÑ8)

ΓòÉΓòÉΓòÉ TIER ASSIGNMENT ΓòÉΓòÉΓòÉ
  Γ£à Score 95 + 2 pains = S (expected S)
  Γ£à Score 92 + 1 pain = B (expected B, demoted from S)
  Γ£à Score 85 + 2 pains = A (expected A)
  Γ£à Score 85 + 0 pains = B (expected B, demoted from A)
  Γ£à Score 72 = B (expected B)
  Γ£à Score 60 = C (expected C)
  Γ£à Score 40 = D (expected D)
  Γ£à Score 93 + 2 low-severity pains = B (expected B, severity too low)

ΓòÉΓòÉΓòÉ DEDUPLICATION ΓòÉΓòÉΓòÉ
  Γ£à Phone priority: phone:5195551234 matched by phone
  Γ£à Domain fallback: domain:acmeroofing.ca matched by domain
  Γ£à Address fallback: addr:123 main st|kitchener matched by address
  Γ£à Name+city fallback: name:acme roofing|kitchener matched by name_city
  Γ£à Name normalization: case + suffix
  Γ£à Name normalization: apostrophe
  Γ£à Domain extraction strips www
  Γ£à Domain extraction handles null
  Γ£à Phone normalize: brackets
  Γ£à Phone normalize: country code
  Γ£à Phone normalize: null
  Γ£à Social domain excluded: matched by name_city

ΓòÉΓòÉΓòÉ CONTACT VALIDATION ΓòÉΓòÉΓòÉ
  Γ£à Business owner email: type=owner conf=0.8
  Γ£à Generic email: type=generic conf=0.45
  Γ£à Free provider personal: type=owner conf=0.65
  Γ£à Disposable email: conf=0.05
  Γ£à Null email: conf=0
  Γ£à NoReply email: conf=0.05
  Γ£à Ontario phone: conf=0.9
  Γ£à BC phone: conf=0.75
  Γ£à Short phone: conf=0.1

ΓòÉΓòÉΓòÉ DISQUALIFIERS ΓòÉΓòÉΓòÉ
  Γ£à Inactive business (0 reviews + no site) = disqualified
  Γ£à Has 2 reason(s)
  Γ£à Low-ROI church = disqualified
  Γ£à High-performing A-grade site = disqualified (no pain)
  Γ£à Valid roofer lead = NOT disqualified
  Γ£à Low rating business = disqualified

ΓòÉΓòÉΓòÉ FULL INTEGRATION ΓòÉΓòÉΓòÉ
  Γ¥î FAIL: Perfect lead score: 59 (expected ΓëÑ70)
  Γ¥î FAIL: Perfect lead tier: C (expected S/A/B)
  Γ£à Garbage lead score: 12 (expected Γëñ30)
  Γ£à Garbage lead tier: D (expected D)

ΓòÉΓòÉΓòÉΓòÉΓòÉΓòÉΓòÉΓòÉΓòÉΓòÉΓòÉΓòÉΓòÉΓòÉΓòÉΓòÉΓòÉΓòÉΓòÉΓòÉΓòÉΓòÉΓòÉΓòÉΓòÉΓòÉΓòÉΓòÉΓòÉΓòÉΓòÉΓòÉΓòÉΓòÉΓòÉΓòÉΓòÉΓòÉΓòÉΓòÉΓòÉΓòÉΓòÉΓòÉΓòÉΓòÉΓòÉΓòÉΓòÉΓòÉ
RESULTS: 53 passed, 2 failed out of 55 tests
Γ¥î SOME TESTS FAILED
